RAM Allocation [bytes]
Variable                                                                          Address   Size
------------------------------------------------------------------------------------------------
active                                                                            0x0160       2
t_ary                                                                             0x0162       4
timer                                                                             0x0166       2

EEPROM Allocation [bytes]
Variable                                                                          Address   Size
------------------------------------------------------------------------------------------------

Register Allocation
Variable                                                                          Register  Size
------------------------------------------------------------------------------------------------

FLASH Allocation [words]
Function                                                                          Address   Size
------------------------------------------------------------------------------------------------
bcd                                                                               0x00045     63
timer0_ovf_isr                                                                    0x00084     65
timer1_ovf_isr                                                                    0x000C5     82
main                                                                              0x00117     29
